---
source: tools/src/LSP/src/goto_def.rs
expression: "format!(\"{:?}\", { fmt_resp(& res) })"
---
"path: \"src/test_data/goto_def_test/goto_nested_schema_attr_test/goto_nested_schema_attr_test.k\", range: Range { start: Position { line: 14, character: 4 }, end: Position { line: 14, character: 8 } }"
