---
source: tools/src/LSP/src/goto_def.rs
expression: "format!(\"{:?}\", { fmt_resp(& res) })"
---
"path: \"src/test_data/goto_def_test/goto_assign_type_test/goto_assign_type_test.k\", range: Range { start: Position { line: 0, character: 7 }, end: Position { line: 0, character: 15 } }"
