---
source: tools/src/LSP/src/find_refs.rs
expression: "format!(\"{}\", { fmt_resp(& res) })"
---
None
