---
source: tools/src/LSP/src/completion.rs
expression: "format!(\"{:?}\", got_labels)"
---
["Base", "Base{}", "Config", "Config{}", "Name", "Name{}", "Person", "Person(b){}", "n", "p"]
