---
source: tools/src/LSP/src/goto_def.rs
expression: "format!(\"{:?}\", { fmt_resp(& res) })"
---
"path: \"src/test_data/goto_def_test/test_goto_identifier_names/test_goto_identifier_names.k\", range: Range { start: Position { line: 3, character: 4 }, end: Position { line: 3, character: 8 } }"
