---
source: tools/src/LSP/src/goto_def.rs
expression: "format!(\"{:?}\", { fmt_resp(& res) })"
---
"path: \"src/test_data/goto_def_test/lambda_local_var_test/lambda_local_var_test.k\", range: Range { start: Position { line: 0, character: 11 }, end: Position { line: 0, character: 12 } }"
