---
source: tools/src/LSP/src/completion.rs
expression: "format!(\"{:?}\", got_labels)"
---
["a", "c"]
