---
source: tools/src/LSP/src/goto_def.rs
expression: "format!(\"{:?}\", { fmt_resp(& res) })"
---
"path: \"src/test_data/goto_def_test/pkg/schema_def1.k\", range: Range { start: Position { line: 0, character: 7 }, end: Position { line: 0, character: 14 } }"
