---
source: tools/src/LSP/src/goto_def.rs
expression: "format!(\"{:?}\", { fmt_resp(& res) })"
---
"path: \"src/test_data/goto_def_test/goto_var_def_in_config_and_config_if_test/goto_var_def_in_config_and_config_if_test.k\", range: Range { start: Position { line: 10, character: 6 }, end: Position { line: 10, character: 10 } }"
