---
source: tools/src/LSP/src/goto_def.rs
expression: "format!(\"{:?}\", res)"
---
None
