---
source: tools/src/LSP/src/goto_def.rs
expression: "format!(\"{:?}\", { fmt_resp(& res) })"
---
"path: \"src/test_data/goto_def_test/pkg/schema_def.k\", range: Range { start: Position { line: 4, character: 4 }, end: Position { line: 4, character: 8 } }"
