---
source: tools/src/LSP/src/goto_def.rs
expression: "format!(\"{:?}\", { fmt_resp(& res) })"
---
"path: \"src/test_data/goto_def_test/config_desuger_def_goto_def/config_desuger_def_goto_def.k\", range: Range { start: Position { line: 0, character: 7 }, end: Position { line: 0, character: 13 } }"
