---
source: tools/src/LSP/src/goto_def.rs
expression: "format!(\"{:?}\", { fmt_resp(& res) })"
---
"path: \"src/test_data/goto_def_test/goto_attr_in_schema_def/goto_attr_in_schema_def.k\", range: Range { start: Position { line: 5, character: 0 }, end: Position { line: 5, character: 5 } }"
