---
source: tools/src/LSP/src/goto_def.rs
expression: "format!(\"{:?}\", { fmt_resp(& res) })"
---
"path: \"src/test_data/goto_def_test/list_if_expr_test/list_if_expr_test.k\", range: Range { start: Position { line: 0, character: 0 }, end: Position { line: 0, character: 1 } }"
