---
source: tools/src/LSP/src/goto_def.rs
expression: "format!(\"{:?}\", { fmt_resp(& res) })"
---
"path: \"src/test_data/goto_def_test/schema_attribute_def_goto_def/schema_attribute_def_goto_def.k\", range: Range { start: Position { line: 1, character: 4 }, end: Position { line: 1, character: 8 } }"
