---
source: tools/src/LSP/src/inlay_hints.rs
expression: "format!(\"{:#?}\", res)"
---
Some(
    [
        InlayHint {
            position: Position {
                line: 0,
                character: 1,
            },
            label: LabelParts(
                [
                    InlayHintLabelPart {
                        value: ": int",
                        tooltip: None,
                        location: None,
                        command: None,
                    },
                ],
            ),
            kind: None,
            text_edits: None,
            tooltip: None,
            padding_left: None,
            padding_right: None,
            data: None,
        },
        InlayHint {
            position: Position {
                line: 2,
                character: 4,
            },
            label: LabelParts(
                [
                    InlayHintLabelPart {
                        value: ": (any, any, any) -> any",
                        tooltip: None,
                        location: None,
                        command: None,
                    },
                ],
            ),
            kind: None,
            text_edits: None,
            tooltip: None,
            padding_left: None,
            padding_right: None,
            data: None,
        },
        InlayHint {
            position: Position {
                line: 6,
                character: 1,
            },
            label: LabelParts(
                [
                    InlayHintLabelPart {
                        value: ": any",
                        tooltip: None,
                        location: None,
                        command: None,
                    },
                ],
            ),
            kind: None,
            text_edits: None,
            tooltip: None,
            padding_left: None,
            padding_right: None,
            data: None,
        },
        InlayHint {
            position: Position {
                line: 6,
                character: 9,
            },
            label: LabelParts(
                [
                    InlayHintLabelPart {
                        value: "x: ",
                        tooltip: None,
                        location: None,
                        command: None,
                    },
                ],
            ),
            kind: None,
            text_edits: None,
            tooltip: None,
            padding_left: None,
            padding_right: None,
            data: None,
        },
        InlayHint {
            position: Position {
                line: 6,
                character: 12,
            },
            label: LabelParts(
                [
                    InlayHintLabelPart {
                        value: "y: ",
                        tooltip: None,
                        location: None,
                        command: None,
                    },
                ],
            ),
            kind: None,
            text_edits: None,
            tooltip: None,
            padding_left: None,
            padding_right: None,
            data: None,
        },
        InlayHint {
            position: Position {
                line: 8,
                character: 1,
            },
            label: LabelParts(
                [
                    InlayHintLabelPart {
                        value: ": int",
                        tooltip: None,
                        location: None,
                        command: None,
                    },
                ],
            ),
            kind: None,
            text_edits: None,
            tooltip: None,
            padding_left: None,
            padding_right: None,
            data: None,
        },
        InlayHint {
            position: Position {
                line: 9,
                character: 2,
            },
            label: LabelParts(
                [
                    InlayHintLabelPart {
                        value: ": any",
                        tooltip: None,
                        location: None,
                        command: None,
                    },
                ],
            ),
            kind: None,
            text_edits: None,
            tooltip: None,
            padding_left: None,
            padding_right: None,
            data: None,
        },
        InlayHint {
            position: Position {
                line: 9,
                character: 13,
            },
            label: LabelParts(
                [
                    InlayHintLabelPart {
                        value: "y: ",
                        tooltip: None,
                        location: None,
                        command: None,
                    },
                ],
            ),
            kind: None,
            text_edits: None,
            tooltip: None,
            padding_left: None,
            padding_right: None,
            data: None,
        },
    ],
)
