---
source: tools/src/LSP/src/completion.rs
expression: "format!(\"{:?}\", got_labels)"
---
["case", "cases", "func1"]
