---
source: tools/src/LSP/src/goto_def.rs
expression: "format!(\"{:?}\", { fmt_resp(& res) })"
---
"path: \"src/test_data/goto_def_test/pkg/schema_def.k\", range: Range { start: Position { line: 0, character: 0 }, end: Position { line: 0, character: 0 } }\npath: \"src/test_data/goto_def_test/pkg/schema_def1.k\", range: Range { start: Position { line: 0, character: 0 }, end: Position { line: 0, character: 0 } }\n"
